exports[`Block renders the content 1`] = `
<div
  className="main">
  Content
</div>
`;

exports[`Block renders the content with a custom provided className 1`] = `
<div
  className="main test">
  Content
</div>
`;

exports[`Block renders the content with the padding className 1`] = `
<div
  className="main padding">
  Content
</div>
`;
